<?xml version="1.0" encoding="UTF-8"?>
<TestRun id="9657fa58-4385-4df6-be51-f6ee032b298d" name="Paolo@PC-PAOLO 2015-01-31 12:29:18" runUser="Pc-Paolo\Paolo" xmlns="http://microsoft.com/schemas/VisualStudio/TeamTest/2010">
  <TestSettings name="Local" id="896913ae-bd1c-4f3f-84d8-788ed216ec52">
    <Description>These are default test settings for a local test run.</Description>
    <Deployment enabled="false" runDeploymentRoot="Paolo_PC-PAOLO 2015-01-31 12_29_18">
      <DeploymentItem filename="C:\Paul.PhysicsSimulator.Game\src\packages\DocumentFormat.OpenXml.2.5\lib\DocumentFormat.OpenXml.dll" />
      <DeploymentItem filename="C:\Program Files (x86)\Microsoft XNA\XNA Game Studio\v4.0\References\Windows\x86\Microsoft.Xna.Framework.dll" />
      <DeploymentItem filename="C:\Program Files (x86)\Microsoft XNA\XNA Game Studio\v4.0\References\Windows\x86\Microsoft.Xna.Framework.Game.dll" />
      <DeploymentItem filename="C:\Paul.PhysicsSimulator.Game\src\Paul.PhysicsSimulator.Engine\bin\Debug\Paul.PhysicsSimulator.Engine.dll" />
    </Deployment>
    <Execution>
      <TestTypeSpecific />
      <AgentRule name="Execution Agents">
      </AgentRule>
    </Execution>
  </TestSettings>
  <Times creation="2015-01-31T12:29:18.0456734+01:00" queuing="2015-01-31T12:29:20.1226860+01:00" start="2015-01-31T12:29:20.8271520+01:00" finish="2015-01-31T12:30:34.9310653+01:00" />
  <ResultSummary outcome="Error">
    <Counters total="1" executed="1" error="0" failed="0" timeout="0" aborted="1" inconclusive="0" passedButRunAborted="0" notRunnable="0" notExecuted="0" disconnected="0" warning="0" passed="0" completed="0" inProgress="0" pending="0" />
    <RunInfos>
      <RunInfo computerName="PC-PAOLO" outcome="Warning" timestamp="2015-01-31T12:29:18.1557494+01:00">
        <Text>Deployment is currently disabled. The deployment item 'ExpectedData\\Spring simulation.xlsx' on test 'Paul.PhysicsSimulator.UnitTest.ForceGeneratorsTest.TestFIle' was not deployed.</Text>
      </RunInfo>
      <RunInfo computerName="PC-PAOLO" outcome="Error" timestamp="2015-01-31T12:30:34.9290640+01:00">
        <Text>Test host process exited unexpectedly.</Text>
      </RunInfo>
    </RunInfos>
  </ResultSummary>
  <TestDefinitions>
    <UnitTest name="TestFIle" storage="c:\paul.physicssimulator.game\src\paul.physicssimulator.unittest\bin\debug\paul.physicssimulator.unittest.dll" id="e0e07afc-e2eb-25f2-254e-995f62f78daf">
      <DeploymentItems>
        <DeploymentItem filename="ExpectedData\\Spring simulation.xlsx" />
      </DeploymentItems>
      <Execution id="0cc1f971-4c94-4053-bb9f-1b87678f9a7c" />
      <TestMethod codeBase="C:/Paul.PhysicsSimulator.Game/src/Paul.PhysicsSimulator.UnitTest/bin/Debug/Paul.PhysicsSimulator.UnitTest.DLL" adapterTypeName="Microsoft.VisualStudio.TestTools.TestTypes.Unit.UnitTestAdapter, Microsoft.VisualStudio.QualityTools.Tips.UnitTest.Adapter, Version=10.0.0.0, Culture=neutral, PublicKeyToken=b03f5f7f11d50a3a" className="Paul.PhysicsSimulator.UnitTest.ForceGeneratorsTest, Paul.PhysicsSimulator.UnitTest, Version=1.0.0.0, Culture=neutral, PublicKeyToken=null" name="TestFIle" />
    </UnitTest>
  </TestDefinitions>
  <TestLists>
    <TestList name="Results Not in a List" id="8c84fa94-04c1-424b-9868-57a2d4851a1d" />
    <TestList name="All Loaded Results" id="19431567-8539-422a-85d7-44ee4e166bda" />
  </TestLists>
  <TestEntries>
    <TestEntry testId="e0e07afc-e2eb-25f2-254e-995f62f78daf" executionId="0cc1f971-4c94-4053-bb9f-1b87678f9a7c" testListId="8c84fa94-04c1-424b-9868-57a2d4851a1d" />
  </TestEntries>
  <Results>
    <UnitTestResult executionId="0cc1f971-4c94-4053-bb9f-1b87678f9a7c" testId="e0e07afc-e2eb-25f2-254e-995f62f78daf" testName="TestFIle" computerName="PC-PAOLO" duration="00:01:13.2800130" startTime="2015-01-31T12:29:21.6510523+01:00" endTime="2015-01-31T12:30:34.9310653+01:00" testType="13cdc9d9-ddb5-4fa4-a97d-d965ccfc6d4b" outcome="Aborted" testListId="8c84fa94-04c1-424b-9868-57a2d4851a1d" relativeResultsDirectory="0cc1f971-4c94-4053-bb9f-1b87678f9a7c">
    </UnitTestResult>
  </Results>
</TestRun>